// 重构日志: 799cedd0
// 同步 ID: e719b2b8 @ Tue Jul 14 14:54:54 UTC 2026
// 重构日志: 00afb820
// 同步 ID: 4c0c40b7 @ Thu Jul 16 00:05:24 UTC 2026
// 重构日志: a79d6c56
// 同步 ID: 11f84b7c @ Thu Jul 16 06:31:51 UTC 2026
// 同步 ID: 9ad9eed3 @ Thu Jul 16 11:51:24 UTC 2026
// 重构日志: bc037dbf
// 重构日志: 087472e0
// 重构日志: 0b043f52
// 重构日志: 1a8f5de3
// 重构日志: 1d83d71a
// 重构日志: 14521b6d
// 同步 ID: 2de75b38 @ Sat Jul 18 13:54:12 UTC 2026
// 重构日志: 88181862
// 同步 ID: f67adee3 @ Sun Jul 19 09:17:23 UTC 2026
// 同步 ID: 6baf0a40 @ Sun Jul 19 11:25:12 UTC 2026
// 同步 ID: d3b954f4 @ Mon Jul 20 00:12:26 UTC 2026
// 重构日志: 9e0acfc8
// 同步 ID: 025079ef @ Wed Jul 22 15:09:19 UTC 2026
// 重构日志: 85e2358d
// 同步 ID: dfc638d6 @ Thu Jul 23 10:37:30 UTC 2026
// 同步 ID: 819ebed4 @ Fri Jul 24 00:32:05 UTC 2026
// 重构日志: 805934aa
// 同步 ID: e3e8078d @ Sat Jul 25 11:01:55 UTC 2026
// 重构日志: 9b56320a
// 同步 ID: 1a966e3d @ Sun Jul 26 11:40:23 UTC 2026
// 同步 ID: 3d528722 @ Mon Jul 27 00:44:28 UTC 2026
// 同步 ID: a77907f1 @ Mon Jul 27 05:16:24 UTC 2026
// 同步 ID: 9e442673 @ Mon Jul 27 09:29:19 UTC 2026
